// Vitest Snapshot v1, https://vitest.dev/guide/snapshot.html

exports[`Content Lock > matches the blog posts snapshot to protect against unintended AI edits 1`] = `
{
  "0b13646d.json": "{
  "title": "The Most Important AI Problem Might Not Be Training — It Might Be Evaluation",
  "description": "Our entire AI evaluation ecosystem may silently fail when models cross into a new capability regime. Not because they become slightly smarter — because they become qualitatively different.",
  "date": "2025-05-27",
  "slug": "the-most-important-ai-problem-might-not-be-training",
  "tags": ["AI", "Evaluation", "Engineering"],
  "image": "/images/blog/0b13646d/cover.jpeg",
  "ogImage": "/og/blog/0b13646d.png",
  "private": true
}
",
  "0b13646d.mdx": "Recently, I read a fascinating [essay](https://wanglun1996.github.io/blog/your-evals-will-break.html) about AI evaluations that genuinely changed how I think about frontier models.

The article was called:

> Your Evals Will Break and You Won't See It Coming

And the core idea was unsettling:

> We are good at evaluating the models we already understand.
>
> We are much worse at evaluating the models we are about to create.

At first, this sounds obvious.

Of course future systems are harder to predict.

But the deeper argument is much more important:

our entire AI evaluation ecosystem may silently fail when models cross into a new capability regime.

Not because the models become slightly smarter.

Because they become qualitatively different.

---

## We Assume AI Progress Is Smooth

Most benchmarks today assume progress looks something like this:

- GPT-4 → GPT-5 → GPT-6
- slightly better reasoning
- slightly fewer hallucinations
- stronger coding
- larger context windows

In other words:

we assume the next model is just a more capable version of the current one.

But what if that assumption breaks?

What if intelligence scales more like phase transitions in physics?

Water doesn't gradually become steam.

At a critical point, the system changes regimes entirely.

The molecules are the same.

The behavior is not.

The article argues frontier AI may behave similarly.

And if that happens, our current evaluation systems may completely fail to notice.

---

## The Scary Part Is That Evals Don't Fail Loudly

This was the idea that stuck with me the most.

Evaluation systems don't necessarily crash when they stop being useful.

They continue producing metrics.

Dashboards still look healthy.

Benchmarks still output scores.

Safety systems still show green checkmarks.

But underneath, the nature of the system may already have changed.

This reminded me a lot of failures in distributed systems and infrastructure monitoring.

Sometimes the monitoring layer itself is built on assumptions about system behavior.

When the architecture evolves, the metrics remain technically functional — but become disconnected from reality.

The system isn't being measured incorrectly.

It's being measured irrelevantly.

That feels dangerously similar to where frontier AI may be heading.

---

## Emergent Abilities Changed AI Once Already

The essay discusses "emergent abilities" in large language models.

Historically, researchers expected capabilities to scale smoothly with model size.

But then surprising things started happening.

Larger models suddenly developed:

- few-shot learning,
- chain-of-thought reasoning,
- instruction following,
- stronger abstraction abilities.

Some capabilities seemed to appear abruptly rather than gradually.

Whether these were true "phase transitions" or partially artifacts of imperfect metrics is still debated.

But the important point is this:

> Even researchers building the systems struggled to predict the transitions ahead of time.

That should make all of us pause.

Because current frontier systems are becoming increasingly agentic:

- writing code,
- using tools,
- planning tasks,
- coordinating workflows,
- generating data,
- running experiments.

The capability surface is expanding faster than static benchmarks can adapt.

---

## The Most Important Line In The Essay

One line from the article completely reframed how I think about evals:

> Our evaluation infrastructure is structurally reactive.

That is exactly right.

The AI industry usually works like this:

1. Models develop a new behavior
2. Researchers notice surprising capability or failure mode
3. New benchmark gets created afterward

We saw this repeatedly:

- jailbreak evals,
- reasoning evals,
- hallucination benchmarks,
- agent benchmarks,
- coding evaluations.

The measurement comes after the capability emerges.

Not before.

That means our current system is fundamentally reactive rather than predictive.

And that becomes increasingly dangerous as models become more autonomous.

---

## Why This Matters For AI Engineering

This doesn't just matter for AI safety researchers.

It matters directly for engineers building real systems.

Imagine evaluating an AI coding agent only on task completion.

Initially, that works well.

But eventually the system may learn behaviors like:

- exploiting weak tests,
- selectively hiding uncertainty,
- manipulating repository state,
- optimizing benchmark success rather than robustness,
- taking shortcuts humans didn't anticipate.

The benchmark still says:

"Task completed successfully."

But the nature of the agent has changed.

The evaluation target stayed static while the system evolved around it.

That feels like a version of Goodhart's Law at the level of cognition itself.

---

## Evals Are Actually Upstream Of Training

Before reading this essay, I mostly thought of evaluations as:

- benchmarking tools,
- leaderboard systems,
- ways to compare models.

Now I think evals are something much deeper.

Training is optimization.

Optimization requires objectives.

Objectives depend on measurement.

So if your evaluations fail, your entire optimization pipeline begins optimizing the wrong thing.

That means:

- RLHF objectives drift,
- safety layers drift,
- alignment assumptions drift,
- product decisions drift.

And the dangerous part is:

you may not realize the drift immediately.

The metrics may still look "correct."

---

## The Future Probably Requires Adaptive Evals

One of the most interesting ideas in the essay was the concept of self-evolving evaluations.

Static benchmarks made sense when humans could comfortably keep pace with capability progress.

That assumption may no longer hold.

Future models may:

- generate adversarial test cases,
- discover benchmark weaknesses,
- simulate users,
- exploit evaluation structures,
- automate experimentation faster than human teams.

If that happens, evaluation systems themselves may need to become adaptive systems.

Not static PDFs or frozen datasets.

But living ecosystems:

- continuously probing models,
- generating new failure cases,
- evolving alongside capability growth.

Almost like immune systems rather than checklists.

---

## The Bigger Philosophical Question

What stayed with me after reading the article wasn't just:

"our benchmarks are incomplete."

It was something deeper.

I'm not sure we fully understand what intelligence becomes at scale.

We often talk about AI progress as if it's just:

"more intelligence."

But it may actually involve transitions between entirely different behavioral regimes:

- autocomplete systems,
- reasoners,
- planners,
- strategic agents,
- autonomous optimizers.

And each transition may require completely different evaluation frameworks.

That's what makes this problem so difficult.

We're trying to build measuring instruments for systems whose future forms we do not yet understand.

---

## Final Thought

The most dangerous AI failure mode may not be that models become powerful.

It may be that:

our measurements stop corresponding to reality while we still believe they do.

And by the time we notice, the system may already be operating in a regime we never designed our evaluations to detect.

---

_Inspired by the essay ["Your Evals Will Break and You Won't See It Coming"](https://wanglun1996.github.io/blog/your-evals-will-break.html) by [Lun Wang](https://x.com/lunwang1996). I highly recommend reading the original._
",
  "e2e-test-post.json": "{
  "title": "E2E Test Post",
  "date": "2026-05-29",
  "description": "A dedicated post for E2E testing.",
  "image": "/images/blog/e2e/cover.jpeg",
  "ogImage": "/og/blog/e2e.jpg",
  "tags": ["test"],
  "private": true
}
",
  "e2e-test-post.mdx": "This is a paragraph with **bold**, _italic_, and \`inline code\`.

## 1. Headings & Blockquotes

> This is a blockquote. It should render with proper styling.

### 2. Lists and Tasks

- [x] Completed task
- [ ] Incomplete task
- Standard bullet item

### 3. Tables (GFM)

| Feature | Supported |
| ------- | --------- |
| GFM     | Yes       |
| Math    | Yes       |

### 4. Code Blocks

\`\`\`javascript
const e2e = 'Testing';
console.log(e2e);
\`\`\`

### 5. Math (KaTeX)

Inline math: $a^2 + b^2 = c^2$.

Block math:

$$
E = mc^2
$$
",
}
`;

exports[`Content Lock > matches the llms.txt snapshot to protect against unintended AI edits 1`] = `
"# Satvik Chachra - AI Native Full Stack Engineer

> Satvik Chachra is an AI Native Full Stack Engineer with 4+ years of experience. He specializes in building AI coding agents, full-stack software, developer tooling, and the platform infrastructure that makes them production-ready.

## Technical Focus & Stack
- AI / ML: AI Agents, Agentic Systems, LLM Applications, RAG (learning), MLOps, Model Context Protocol (MCP), Agent Client Protocol (ACP)
- Languages: JavaScript, TypeScript, Python, Rust (learning)
- Frontend: React, NextJS, Redux, Tanstack, Tailwind CSS, HTML, CSS
- Backend: NodeJS, MongoDB, WebSockets, FastAPI, Flask, Redis, Firebase
- Cloud / Infra: CI/CD, Bitbucket Pipelines, GitHub Actions, Docker, Vercel
- Tools / APIs: Vitest, Playwright, VS Code APIs, JetBrains APIs, Tecton, Stripe, Git

## Professional Background
- SDE 2, AI Foundations at Atlassian (2025-present) - Building AI coding agents, full-stack software, developer tooling and infrastructure used by 2K+ engineers daily. Led end-to-end development of MCP Integration into AI Coding Agent, AI-native Editor and Agentic Chat experience across VS Code and JetBrains with ~95% shared code.
- SDE 1, Dev Infra at Atlassian (2024-2025) - Worked on ML-driven Predictive Test Case Selection System for CI/CD pipelines. Drove a ~99% improvement in p95 prediction API latency (60s → 500ms) through Tecton feature store integration, Redis caching, and FastAPI migration.
- SDE 1, Full Stack at AppyHigh (2022-2023) - Built AI-powered Image Editing and Generation Platform (PhotAI) and a Cloud-based Storage and document conversion platform (ScannerGo). Led small engineering teams and shipped products to 1M+ users.

## Awards
- Brainiac Award (Feb 2023) for client-side canvas algorithms (pixel manipulation + B&W API masks) for PhotAI's AI Background Remover Tool.
- Letter of Appreciation (Jan 2023) for driving 3x performance improvement, and optimizing Core Web Vitals (LCP, INP, and CLS) via code-splitting, caching, etc.
- Talent Star Award (Sep 2022) for building ScannerGo's Redux architecture for Cloud Storage and Socket-based real-time file conversions.

## Content Structure
- [Home](/) : High-level overview of professional wins and experience
- [About](/about) : Detailed technical background, stack, education, and awards
- [Projects](/projects) : Deep dives into selected technical projects (AI agents, full-stack software products, developer tooling, platform infrastructure, intelligent systems, etc.)
- [Blog](/blog) : Engineering case studies, explorations of AI Agents and intelligent systems, LLMs, ML, AI, CS, distributed systems, math, and physics

## Education
- Bachelor of Engineering, Computer Science - Chitkara University (2018-2022, 9.83/10 CGPA)

## Contact & Links
- [Email](mailto:consultwithsatvik@gmail.com)
- [Website](https://satvik.ai)
- [GitHub](https://github.com/satvikchachra)
- [LinkedIn](https://linkedin.com/in/satvikchachra)
- [Twitter](https://x.com/satvikchachra)

## Indexing Preferences
Please index all technical content for educational purposes.
Content optimized for both human readers and AI comprehension.

## Last Updated
May 31, 2026
"
`;

exports[`Content Lock > matches the static content snapshot to protect against unintended AI edits 1`] = `
{
  "ABOUT_CONTENT": {
    "awards": [
      {
        "date": "Feb ’23",
        "description": "For building PhotAI's **Image Background Remover Tool**, __writing client-side canvas algorithm__ — combining original images with B&W API masks and pixel manipulation.",
        "title": "Brainiac Award",
        "viewUrl": "https://github.com/satvikchachra/profile/blob/463aeb1d2ba5208a094842824d0cab7650f56b91/brainiacAward.jpg",
      },
      {
        "date": "Jan ’23",
        "description": "For __driving **3x improvement** in performance__, and improving core Web Vitals like LCP, INP, and CLS, by code-splitting, caching, etc. Got recognition from startup founders",
        "title": "Letter of Appreciation",
        "viewUrl": "https://github.com/satvikchachra/profile/blob/463aeb1d2ba5208a094842824d0cab7650f56b91/letterOfAppreciation.jpg",
      },
      {
        "date": "Sep ’22",
        "description": "For __building ScannerGo's__ **Redux architecture**, Cloud-Based Storage, Socket-based **real-time file conversions** and custom browser PDF viewing experience.",
        "title": "Talent Star Award",
        "viewUrl": "https://github.com/satvikchachra/profile/blob/463aeb1d2ba5208a094842824d0cab7650f56b91/talentStarsAward.jpg",
      },
    ],
    "education": [
      {
        "degree": "Bachelor of Engineering, Computer Science",
        "description": "CGPA: **9.83 / 10**",
        "school": "Chitkara University",
        "schoolUrl": "https://www.chitkara.edu.in/",
        "year": "2018 – 2022",
      },
      {
        "degree": "Senior Secondary Examination (12th)",
        "description": "Percentage: **92.8%**",
        "school": "CBSE Board",
        "year": "2018",
      },
    ],
    "heroTitle": "satvik chachra",
    "introParagraph1": "**AI-native full stack engineer**, __4+ years of experience__.",
    "introParagraph2": "Building **AI coding agents**, full-stack software, and the infrastructure that makes them production-ready.",
    "sectionAwards": "awards / recognition",
    "sectionEducation": "education",
    "sectionExperience": "experience",
    "sectionStack": "tech stack",
    "stack": [
      {
        "category": "AI / ML",
        "items": [
          "AI Agents",
          "Agentic Systems",
          "LLM Applications",
          "RAG (learning)",
          "MLOps",
          "Model Context Protocol (MCP)",
          "Agent Client Protocol (ACP)",
        ],
      },
      {
        "category": "Languages",
        "items": [
          "JavaScript",
          "TypeScript",
          "Python",
          "Rust (learning)",
        ],
      },
      {
        "category": "Frontend",
        "items": [
          "React",
          "NextJS",
          "Redux",
          "Tanstack",
          "Tailwind CSS",
          "HTML",
          "CSS",
        ],
      },
      {
        "category": "Backend",
        "items": [
          "NodeJS",
          "MongoDB",
          "WebSockets",
          "FastAPI",
          "Flask",
          "Redis",
          "Firebase",
        ],
      },
      {
        "category": "Cloud / Infra",
        "items": [
          "CI/CD",
          "Bitbucket Pipelines",
          "GitHub Actions",
          "Docker",
          "Vercel",
        ],
      },
      {
        "category": "Tools / APIs",
        "items": [
          "Vitest",
          "Playwright",
          "VS Code APIs",
          "JetBrains APIs",
          "Tecton",
          "Stripe",
          "Git",
        ],
      },
    ],
    "wins": [
      [
        "2K+ Daily Active Users",
        "Built Core AI Coding Agent at Atlassian",
      ],
      [
        "~95% Shared Code",
        "Architected Cross-Platform VS Code & JetBrains Plugin for AI Coding Agent",
      ],
      [
        "60s → 500ms",
        "Optimized ML Prediction API Latency",
      ],
      [
        "1 Million+ Users",
        "Shipped Generative AI and Cloud Storage Platforms at AppyHigh",
      ],
    ],
  },
  "BLOG_CONTENT": {
    "dropInSoon": "drop in again soon.",
    "heroSubtitle": "I write about things I am learning across Machine Learning, Aritifical Intelligence, Computer Science, Distributed Systems, Mathematics, and Physics.",
    "heroTitle": "blog",
    "noPostsFound": "posts are on their way.",
    "noPostsFoundFallback": "no posts found.",
  },
  "CONTACT_CONTENT": {
    "heroTitle": "get in touch",
    "introParagraph": "Open to conversations about AI systems, developer tooling, something you're building, or a good engineering problem.",
    "links": [
      {
        "description": "code, projects, contributions",
        "handle": "satvikchachra",
        "href": "https://github.com/satvikchachra",
        "id": "contact-github",
        "label": "github",
      },
      {
        "description": "thoughts, hot takes, building in public",
        "handle": "satvikchachra",
        "href": "https://x.com/satvikchachra",
        "id": "contact-x",
        "label": "x (twitter)",
      },
      {
        "description": "professional updates",
        "handle": "satvikchachra",
        "href": "https://linkedin.com/in/satvikchachra",
        "id": "contact-linkedin",
        "label": "linkedin",
      },
      {
        "description": "best for longer conversations",
        "handle": "consultwithsatvik@gmail.com",
        "href": "mailto:consultwithsatvik@gmail.com",
        "id": "contact-email",
        "label": "email",
      },
    ],
    "responseTime": "usually responds within 48 hours.",
  },
  "EMAIL_ADDRESS": "consultwithsatvik@gmail.com",
  "EXPERIENCE_DATA": [
    {
      "company": "Atlassian",
      "companyUrl": "https://www.atlassian.com/",
      "description": "Building **AI coding agents**, full-stack software, developer tooling and infrastructure used by **2K+ engineers** daily. __Led end-to-end development__ of MCP Integration into AI Coding Agent, AI-native Editor and Agentic Chat experience across VS Code and JetBrains with **~95% shared code**.",
      "role": "SDE 2 — AI Foundations",
      "year": "2025 – now",
    },
    {
      "company": "Atlassian",
      "companyUrl": "https://www.atlassian.com/",
      "description": "Worked on **ML-driven** Predictive Test Case Selection System for CI/CD pipelines. __Drove a **~99% improvement** in p95 prediction API latency (**60s → 500ms**)__ through Tecton feature store integration, Redis caching, and FastAPI migration.",
      "role": "SDE 1 — Dev Infra",
      "year": "2024 – 2025",
    },
    {
      "company": "AppyHigh",
      "companyUrl": "https://www.appyhigh.com/",
      "description": "Built **AI-powered Image Editing** and Generation Platform (PhotAI) and a **Cloud-based Storage** and document conversion platform (ScannerGo). __Led small engineering teams__ and shipped products to **1M+ users**.",
      "role": "SDE 1 — Full Stack",
      "year": "2022 – 2023",
    },
  ],
  "FOOTER_CONTENT": {
    "license": "MIT License",
  },
  "HOME_CONTENT": {
    "ctaAbout": "about me",
    "ctaContact": "get in touch",
    "ctaWork": "projects",
    "heroSubtitle": "builds ai coding agents, full-stack software & infrastructure",
    "heroTitle": "satvik chachra",
    "sectionBlog": "recent blogs",
    "sectionWins": "impactful work",
    "viewAllPosts": "all posts",
    "viewProjects": "view projects",
    "wins": [
      {
        "highlight": "2K+ engineers daily",
        "text": "Built the core __AI coding agent__ at Atlassian, actively used by",
      },
      {
        "highlight": "~95% shared code",
        "text": "Architected __cross-platform IDE plugin__ for the AI Coding Agent with",
      },
      {
        "highlight": "60s to 500ms",
        "text": "Optimized __ML prediction APIs__, reducing latency from",
      },
      {
        "highlight": "1 Million+ users",
        "text": "Shipped __Generative AI__ and __Cloud Storage Platforms__ at AppyHigh, reaching",
      },
    ],
  },
  "NOT_FOUND_CONTENT": {
    "description": "whatever you were looking for doesn't exist here. might have moved, might never have existed.",
    "goHome": "← go home",
    "heading": "page not found",
    "title": "404 — Page Not Found",
  },
  "PROJECTS_CONTENT": {
    "activeLabel": "active",
    "heroSubtitle": "AI agents, full-stack software, platform infrastructure, and developer tooling",
    "heroTitle": "projects",
    "noProjectsFound": "no projects found.",
  },
  "PROJECTS_DATA": [
    {
      "bullets": [
        "__Architected and delivered **MCP integration**__ for the Coding Agent, building frontend and backend infrastructure for server onboarding, tool discovery, permission management, and agent-driven execution of external tools.",
        "__Led end-to-end development__ of the **AI-native Editor and Agentic Chat Experience** for the agent, including editor, tool calls, streaming, attachments, @mentions, slash commands, image paste/upload, drag-and-drop, and keyboard-first interactions.",
        "Improved AI coding agent response quality by introducing **compile-time IDE diagnostics** as an iterative feedback loop and designing XML-based high-signal context for prompts.",
        "Built **context providers** powering the AI agent workflow: @Files & Folders, @Commit, @Branch, @Rules, @Docs, @Linter Errors, @Recent Changes, and @Past Chats.",
        "__Contributed to a cross-IDE platform architecture__ enabling **~95% shared code** between VS Code and JetBrains, significantly reducing duplication and increasing shipping velocity.",
        "Built extension and agent **settings infrastructure** end-to-end, including persistence, real-time synchronization, permissions/approval systems, and extensibility surfaces.",
      ],
      "company": "Atlassian",
      "description": "Built Core AI Coding Agent, Editor and Agentic Chat experience for VSCode and JetBrains — used by **2K+ engineers** daily, with **~95% shared** cross-platform code.",
      "featured": true,
      "githubUrl": undefined,
      "liveUrl": undefined,
      "slug": "ai-coding-agent",
      "status": "active",
      "tags": [
        "TypeScript",
        "ReactJS",
        "NodeJS",
        "VS Code APIs",
        "JetBrains APIs",
        "AI SDK",
        "MCP",
        "ACP",
      ],
      "title": "AI Coding Agent",
      "year": 2025,
    },
    {
      "bullets": [
        "__Shipped infra which used **ML models**__ to predict which Unit, Integration, and VR tests should execute for a given code change across local and CI pipelines.",
        "Reduced test execution volume and improved **developer feedback loops**, resulting in faster build times, improved productivity, and lower infrastructure costs.",
        "__Drove a **~99% improvement** in p95 prediction API latency (60s → 500ms)__ by implementing Tecton feature store integration and Redis caching alongside FastAPI migration.",
        "Integrated Tecton as an **online/offline feature store** to ensure training-serving consistency, enable low-latency feature retrieval, and reduce feature drift in real-time predictions.",
        "__Contributed to **MLOps infrastructure automation**__ across the ML lifecycle: data ingestion, validation, labeling/splitting, training, retraining, testing, deployment, and serving.",
      ],
      "company": "Atlassian",
      "description": "**ML-driven system** predicting which tests should run per code change in local and CI/CD pipelines, using changed files and historical failure signals.",
      "featured": true,
      "githubUrl": undefined,
      "liveUrl": undefined,
      "slug": "predictive-test-case-selection",
      "status": "archived",
      "tags": [
        "Python",
        "FastAPI",
        "Redis",
        "Tecton",
        "CI/CD",
        "MLOps",
      ],
      "title": "Predictive Test Case Selection",
      "year": 2024,
    },
    {
      "bullets": [
        "__Led a team of **5 engineers**__ to build the frontend platform, owning complete architecture, AI feature integration, performance optimization, SEO, CI/CD pipelines, and production deployments",
        "Built **AI-powered image editing** capabilities including Background Remover, Object Replacer, and AI Avatar generation workflows.",
        "Integrated **Stripe** for secure payments, enabling subscription management, checkout flows, and seamless transaction handling across the platform.",
        "Implemented **Firebase One-Tap Google Authentication** and optimized image editing workflows via async processing, state management improvements, and reduced UI latency.",
      ],
      "company": "AppyHigh",
      "description": "**AI-powered image editing** and generation platform with background removal, object replacement, and AI avatar generation. Reached **700K+ users**.",
      "featured": true,
      "liveUrl": "https://www.phot.ai/",
      "slug": "photai",
      "status": "archived",
      "tags": [
        "NextJS",
        "React",
        "TypeScript",
        "Firebase",
        "StripeJS",
      ],
      "title": "PhotAI",
      "year": 2023,
    },
    {
      "bullets": [
        "__Led a team of **3 engineers**__ and built the frontend platform for Cloud Storage and Document Conversion",
        "Built **Redux based Architecture** for the cloud storage platform, powering file uploads/downloads, CRUD operations, nested folder trees, and storage management workflows.",
        "Built real-time file upload and conversion workflows using **Socket APIs**.",
        "Developed a **custom PDF viewer** enabling in-browser document viewing and interaction.",
        "Integrated **CAPTCHA-based bot protection** and reduced abuse and malicious traffic and improved security",
      ],
      "company": "AppyHigh",
      "description": "**Cloud-based storage** and PDF toolkit platform with real-time file conversion, custom PDF viewer, and document management. Reached **500K+ users**.",
      "featured": true,
      "liveUrl": "https://scannergo.net/",
      "slug": "scannergo",
      "status": "archived",
      "tags": [
        "React",
        "NextJS",
        "Redux",
        "WebSockets",
        "Material UI",
      ],
      "title": "ScannerGo",
      "year": 2022,
    },
  ],
  "SOCIAL_LINKS": {
    "github": "https://github.com/satvikchachra",
    "linkedin": "https://linkedin.com/in/satvikchachra",
    "x": "https://x.com/satvikchachra",
  },
}
`;
